FM_TEST_BEGIN 2026-10-01T09:24:58Z tests/fm-task-delivery.test.sh family=pure-contract-unit expected_gate_skip=none
ok - fm-spawn/fm-promote: authorized intent preserves exact words and refuses operator-address lines
ok - fm-spawn: every legacy worker receives scoped role instructions without changing project or primary instructions
ok - fm-spawn: a ship spawn requires a valid explicit mode and yolo before anything is created
ok - fm-spawn: scout and secondmate spawns refuse ship delivery flags
ok - fm-spawn: the brief's recorded mode and the spawn's explicit mode must agree
ok - fm-spawn: a rigor downgrade against the registered posture is announced, never blocked
ok - fm-spawn: a scout spawn resolves no delivery posture from the registry
ok - fm-promote: promotion requires the delivery contract and records it exactly once
ok - fm-promote: a symlinked task record is refused and its target is left untouched
ok - fm-promote: a promoted worker receives the same mode-specific delivery contract a briefed one does
●━━━━━━━━━━━━━━━━━━━━━━━━━━━━━━━━━━━━━━━━━━━━━━━━━━━━━━━━━━━━━━━━━━━━━━━
●  WATCHER DOWN - SUPERVISION IS OFF
●  1 task(s) in flight, but no watcher has a fresh beacon (last beat: never, grace 300s).
●  Trust the emitted supervision protocol for this harness; do not use shell & for watcher repair.
●  This is a supervision warning only; the guarded operation WILL still run.
●  watcher supervision needs Stop-owned automatic recovery; inspect the hook registration and startup status before ending the turn.
●━━━━━━━━━━━━━━━━━━━━━━━━━━━━━━━━━━━━━━━━━━━━━━━━━━━━━━━━━━━━━━━━━━━━━━━
ok - fm-promote: a selected branch prefix reaches both worker instructions and durable task state
Switched to a new branch '$(touch${IFS}promotion-marker)/promote-branch-safe-e3'
ok - fm-promote: ref-format-valid shell metacharacters stay literal in promotion branch commands
●━━━━━━━━━━━━━━━━━━━━━━━━━━━━━━━━━━━━━━━━━━━━━━━━━━━━━━━━━━━━━━━━━━━━━━━
●  WATCHER DOWN - SUPERVISION IS OFF
●  1 task(s) in flight, but no watcher has a fresh beacon (last beat: never, grace 300s).
●  Trust the emitted supervision protocol for this harness; do not use shell & for watcher repair.
●  This is a supervision warning only; the guarded operation WILL still run.
●  watcher supervision needs Stop-owned automatic recovery; inspect the hook registration and startup status before ending the turn.
●━━━━━━━━━━━━━━━━━━━━━━━━━━━━━━━━━━━━━━━━━━━━━━━━━━━━━━━━━━━━━━━━━━━━━━━
ok - fm-merge-local: a registry change cannot redirect an in-flight local-only task
ok - fm-merge-local: configured pass verdicts and exact approvals; broken checks never approved
